PREHOOK: query: create table t1(a int, b int)
PREHOOK: type: CREATETABLE
PREHOOK: Output: database:default
PREHOOK: Output: default@t1
POSTHOOK: query: create table t1(a int, b int)
POSTHOOK: type: CREATETABLE
POSTHOOK: Output: database:default
POSTHOOK: Output: default@t1
PREHOOK: query: insert into t1(a, b) values
(1000, 1000),
(2000, 2000),
(3000, NULL),
(4000, NULL),
(5000, 5000),
(6000, 6000),
(7000, NULL),
(8000, 8000)
PREHOOK: type: QUERY
PREHOOK: Input: _dummy_database@_dummy_table
PREHOOK: Output: default@t1
POSTHOOK: query: insert into t1(a, b) values
(1000, 1000),
(2000, 2000),
(3000, NULL),
(4000, NULL),
(5000, 5000),
(6000, 6000),
(7000, NULL),
(8000, 8000)
POSTHOOK: type: QUERY
POSTHOOK: Input: _dummy_database@_dummy_table
POSTHOOK: Output: default@t1
POSTHOOK: Lineage: t1.a SCRIPT []
POSTHOOK: Lineage: t1.b SCRIPT []
PREHOOK: query: select
    b,
    lag(b, 2) over (order by a desc),
    lag(b, 2) ignore nulls over (order by a desc),
    lag(b, 3) ignore nulls over (order by a desc)
from t1
PREHOOK: type: QUERY
PREHOOK: Input: default@t1
#### A masked pattern was here ####
POSTHOOK: query: select
    b,
    lag(b, 2) over (order by a desc),
    lag(b, 2) ignore nulls over (order by a desc),
    lag(b, 3) ignore nulls over (order by a desc)
from t1
POSTHOOK: type: QUERY
POSTHOOK: Input: default@t1
#### A masked pattern was here ####
8000	NULL	NULL	NULL
NULL	NULL	NULL	NULL
6000	8000	8000	NULL
5000	NULL	NULL	8000
NULL	6000	6000	NULL
NULL	5000	5000	6000
2000	NULL	NULL	5000
1000	NULL	NULL	NULL
