PREHOOK: query: create table cmv_basetable_n6 (a int, b varchar(256), c decimal(10,2), d int) stored as orc TBLPROPERTIES ('transactional'='true')
PREHOOK: type: CREATETABLE
PREHOOK: Output: database:default
PREHOOK: Output: default@cmv_basetable_n6
POSTHOOK: query: create table cmv_basetable_n6 (a int, b varchar(256), c decimal(10,2), d int) stored as orc TBLPROPERTIES ('transactional'='true')
POSTHOOK: type: CREATETABLE
POSTHOOK: Output: database:default
POSTHOOK: Output: default@cmv_basetable_n6
PREHOOK: query: alter table cmv_basetable_n6 add constraint u1 UNIQUE (a) disable novalidate rely
PREHOOK: type: ALTERTABLE_ADDCONSTRAINT
PREHOOK: Input: default@cmv_basetable_n6
PREHOOK: Output: default@cmv_basetable_n6
POSTHOOK: query: alter table cmv_basetable_n6 add constraint u1 UNIQUE (a) disable novalidate rely
POSTHOOK: type: ALTERTABLE_ADDCONSTRAINT
POSTHOOK: Input: default@cmv_basetable_n6
POSTHOOK: Output: default@cmv_basetable_n6
PREHOOK: query: insert into cmv_basetable_n6 values
 (1, 'alfred', 10.30, 2),
 (2, 'bob', 3.14, 3),
 (2, 'bonnie', 172342.2, 3),
 (3, 'calvin', 978.76, 3),
 (3, 'charlie', 9.8, 1)
PREHOOK: type: QUERY
PREHOOK: Input: _dummy_database@_dummy_table
PREHOOK: Output: default@cmv_basetable_n6
POSTHOOK: query: insert into cmv_basetable_n6 values
 (1, 'alfred', 10.30, 2),
 (2, 'bob', 3.14, 3),
 (2, 'bonnie', 172342.2, 3),
 (3, 'calvin', 978.76, 3),
 (3, 'charlie', 9.8, 1)
POSTHOOK: type: QUERY
POSTHOOK: Input: _dummy_database@_dummy_table
POSTHOOK: Output: default@cmv_basetable_n6
POSTHOOK: Lineage: cmv_basetable_n6.a SCRIPT []
POSTHOOK: Lineage: cmv_basetable_n6.b SCRIPT []
POSTHOOK: Lineage: cmv_basetable_n6.c SCRIPT []
POSTHOOK: Lineage: cmv_basetable_n6.d SCRIPT []
PREHOOK: query: create table cmv_basetable_2_n3 (a int, b varchar(256), c decimal(10,2), d int) stored as orc TBLPROPERTIES ('transactional'='true')
PREHOOK: type: CREATETABLE
PREHOOK: Output: database:default
PREHOOK: Output: default@cmv_basetable_2_n3
POSTHOOK: query: create table cmv_basetable_2_n3 (a int, b varchar(256), c decimal(10,2), d int) stored as orc TBLPROPERTIES ('transactional'='true')
POSTHOOK: type: CREATETABLE
POSTHOOK: Output: database:default
POSTHOOK: Output: default@cmv_basetable_2_n3
PREHOOK: query: alter table cmv_basetable_2_n3 add constraint pk1 primary key (c) disable novalidate rely
PREHOOK: type: ALTERTABLE_ADDCONSTRAINT
PREHOOK: Input: default@cmv_basetable_2_n3
PREHOOK: Output: default@cmv_basetable_2_n3
POSTHOOK: query: alter table cmv_basetable_2_n3 add constraint pk1 primary key (c) disable novalidate rely
POSTHOOK: type: ALTERTABLE_ADDCONSTRAINT
POSTHOOK: Input: default@cmv_basetable_2_n3
POSTHOOK: Output: default@cmv_basetable_2_n3
PREHOOK: query: insert into cmv_basetable_2_n3 values
 (1, 'alfred', 10.30, 2),
 (3, 'calvin', 978.76, 3)
PREHOOK: type: QUERY
PREHOOK: Input: _dummy_database@_dummy_table
PREHOOK: Output: default@cmv_basetable_2_n3
POSTHOOK: query: insert into cmv_basetable_2_n3 values
 (1, 'alfred', 10.30, 2),
 (3, 'calvin', 978.76, 3)
POSTHOOK: type: QUERY
POSTHOOK: Input: _dummy_database@_dummy_table
POSTHOOK: Output: default@cmv_basetable_2_n3
POSTHOOK: Lineage: cmv_basetable_2_n3.a SCRIPT []
POSTHOOK: Lineage: cmv_basetable_2_n3.b SCRIPT []
POSTHOOK: Lineage: cmv_basetable_2_n3.c SCRIPT []
POSTHOOK: Lineage: cmv_basetable_2_n3.d SCRIPT []
PREHOOK: query: CREATE MATERIALIZED VIEW cmv_mat_view_n6
  TBLPROPERTIES ('transactional'='true') AS
  SELECT cmv_basetable_n6.a, cmv_basetable_2_n3.c
  FROM cmv_basetable_n6 JOIN cmv_basetable_2_n3 ON (cmv_basetable_n6.a = cmv_basetable_2_n3.a)
  WHERE cmv_basetable_2_n3.c > 10.0
PREHOOK: type: CREATE_MATERIALIZED_VIEW
PREHOOK: Input: default@cmv_basetable_2_n3
PREHOOK: Input: default@cmv_basetable_n6
PREHOOK: Output: database:default
PREHOOK: Output: default@cmv_mat_view_n6
POSTHOOK: query: CREATE MATERIALIZED VIEW cmv_mat_view_n6
  TBLPROPERTIES ('transactional'='true') AS
  SELECT cmv_basetable_n6.a, cmv_basetable_2_n3.c
  FROM cmv_basetable_n6 JOIN cmv_basetable_2_n3 ON (cmv_basetable_n6.a = cmv_basetable_2_n3.a)
  WHERE cmv_basetable_2_n3.c > 10.0
POSTHOOK: type: CREATE_MATERIALIZED_VIEW
POSTHOOK: Input: default@cmv_basetable_2_n3
POSTHOOK: Input: default@cmv_basetable_n6
POSTHOOK: Output: database:default
POSTHOOK: Output: default@cmv_mat_view_n6
POSTHOOK: Lineage: cmv_mat_view_n6.a SIMPLE [(cmv_basetable_n6)cmv_basetable_n6.FieldSchema(name:a, type:int, comment:null), ]
POSTHOOK: Lineage: cmv_mat_view_n6.c SIMPLE [(cmv_basetable_2_n3)cmv_basetable_2_n3.FieldSchema(name:c, type:decimal(10,2), comment:null), ]
PREHOOK: query: DELETE from cmv_basetable_2_n3 WHERE a=1
PREHOOK: type: QUERY
PREHOOK: Input: default@cmv_basetable_2_n3
PREHOOK: Output: default@cmv_basetable_2_n3
POSTHOOK: query: DELETE from cmv_basetable_2_n3 WHERE a=1
POSTHOOK: type: QUERY
POSTHOOK: Input: default@cmv_basetable_2_n3
POSTHOOK: Output: default@cmv_basetable_2_n3
PREHOOK: query: explain cbo
ALTER MATERIALIZED VIEW cmv_mat_view_n6 REBUILD
PREHOOK: type: ALTER_MATERIALIZED_VIEW_REBUILD
PREHOOK: Input: default@cmv_basetable_2_n3
PREHOOK: Input: default@cmv_basetable_n6
PREHOOK: Input: default@cmv_mat_view_n6
PREHOOK: Output: default@cmv_mat_view_n6
PREHOOK: Output: default@cmv_mat_view_n6
POSTHOOK: query: explain cbo
ALTER MATERIALIZED VIEW cmv_mat_view_n6 REBUILD
POSTHOOK: type: ALTER_MATERIALIZED_VIEW_REBUILD
POSTHOOK: Input: default@cmv_basetable_2_n3
POSTHOOK: Input: default@cmv_basetable_n6
POSTHOOK: Input: default@cmv_mat_view_n6
POSTHOOK: Output: default@cmv_mat_view_n6
POSTHOOK: Output: default@cmv_mat_view_n6
CBO PLAN:
HiveProject(a0=[$3], c0=[$4])
  HiveFilter(condition=[OR(AND($2, $5), NOT($5))])
    HiveJoin(condition=[AND(IS NOT DISTINCT FROM($0, $3), IS NOT DISTINCT FROM($1, $4))], joinType=[right], algorithm=[none], cost=[not available])
      HiveProject(a=[$0], c=[CAST($1):DECIMAL(10, 2) NOT NULL], flag=[true])
        HiveTableScan(table=[[default, cmv_mat_view_n6]], table:alias=[default.cmv_mat_view_n6])
      HiveProject(a=[$0], c0=[$2], _any_deleted=[$3])
        HiveJoin(condition=[=($0, $1)], joinType=[inner], algorithm=[none], cost=[not available])
          HiveProject(a=[$0])
            HiveFilter(condition=[IS NOT NULL($0)])
              HiveTableScan(table=[[default, cmv_basetable_n6]], table:alias=[cmv_basetable_n6])
          HiveProject(a=[$0], c=[$2], _deleted=[AND($7, <(2, $6.writeid))])
            HiveFilter(condition=[AND(<(2, $6.writeid), >($2, 10:DECIMAL(2, 0)), OR(NOT($7), >=(2, $6.writeid), $7), IS NOT NULL($0))])
              HiveTableScan(table=[[default, cmv_basetable_2_n3]], table:alias=[cmv_basetable_2_n3])

PREHOOK: query: ALTER MATERIALIZED VIEW cmv_mat_view_n6 REBUILD
PREHOOK: type: ALTER_MATERIALIZED_VIEW_REBUILD
PREHOOK: Input: default@cmv_basetable_2_n3
PREHOOK: Input: default@cmv_basetable_n6
PREHOOK: Input: default@cmv_mat_view_n6
PREHOOK: Output: default@cmv_mat_view_n6
PREHOOK: Output: default@cmv_mat_view_n6
POSTHOOK: query: ALTER MATERIALIZED VIEW cmv_mat_view_n6 REBUILD
POSTHOOK: type: ALTER_MATERIALIZED_VIEW_REBUILD
POSTHOOK: Input: default@cmv_basetable_2_n3
POSTHOOK: Input: default@cmv_basetable_n6
POSTHOOK: Input: default@cmv_mat_view_n6
POSTHOOK: Output: default@cmv_mat_view_n6
POSTHOOK: Output: default@cmv_mat_view_n6
POSTHOOK: Lineage: cmv_mat_view_n6.a SIMPLE [(cmv_basetable_n6)cmv_basetable_n6.FieldSchema(name:a, type:int, comment:null), ]
POSTHOOK: Lineage: cmv_mat_view_n6.c SIMPLE [(cmv_basetable_2_n3)cmv_basetable_2_n3.FieldSchema(name:c, type:decimal(10,2), comment:null), ]
PREHOOK: query: DELETE FROM cmv_basetable_n6 WHERE a=1
PREHOOK: type: QUERY
PREHOOK: Input: default@cmv_basetable_n6
PREHOOK: Output: default@cmv_basetable_n6
POSTHOOK: query: DELETE FROM cmv_basetable_n6 WHERE a=1
POSTHOOK: type: QUERY
POSTHOOK: Input: default@cmv_basetable_n6
POSTHOOK: Output: default@cmv_basetable_n6
PREHOOK: query: explain cbo
ALTER MATERIALIZED VIEW cmv_mat_view_n6 REBUILD
PREHOOK: type: ALTER_MATERIALIZED_VIEW_REBUILD
PREHOOK: Input: default@cmv_basetable_2_n3
PREHOOK: Input: default@cmv_basetable_n6
PREHOOK: Input: default@cmv_mat_view_n6
PREHOOK: Output: default@cmv_mat_view_n6
PREHOOK: Output: default@cmv_mat_view_n6
POSTHOOK: query: explain cbo
ALTER MATERIALIZED VIEW cmv_mat_view_n6 REBUILD
POSTHOOK: type: ALTER_MATERIALIZED_VIEW_REBUILD
POSTHOOK: Input: default@cmv_basetable_2_n3
POSTHOOK: Input: default@cmv_basetable_n6
POSTHOOK: Input: default@cmv_mat_view_n6
POSTHOOK: Output: default@cmv_mat_view_n6
POSTHOOK: Output: default@cmv_mat_view_n6
CBO PLAN:
HiveProject(a0=[$3], c0=[$4])
  HiveFilter(condition=[OR(AND($2, $5), NOT($5))])
    HiveJoin(condition=[AND(IS NOT DISTINCT FROM($0, $3), IS NOT DISTINCT FROM($1, $4))], joinType=[right], algorithm=[none], cost=[not available])
      HiveProject(a=[$0], c=[CAST($1):DECIMAL(10, 2) NOT NULL], flag=[true])
        HiveTableScan(table=[[default, cmv_mat_view_n6]], table:alias=[default.cmv_mat_view_n6])
      HiveProject(a=[$0], c0=[$3], _any_deleted=[$1])
        HiveJoin(condition=[=($0, $2)], joinType=[inner], algorithm=[none], cost=[not available])
          HiveProject(a=[$0], _deleted=[AND($7, <(2, $6.writeid))])
            HiveFilter(condition=[AND(<(2, $6.writeid), OR(NOT($7), >=(2, $6.writeid), $7), IS NOT NULL($0))])
              HiveTableScan(table=[[default, cmv_basetable_n6]], table:alias=[cmv_basetable_n6])
          HiveProject(a=[$0], c=[$2])
            HiveFilter(condition=[AND(>($2, 10:DECIMAL(2, 0)), IS NOT NULL($0))])
              HiveTableScan(table=[[default, cmv_basetable_2_n3]], table:alias=[cmv_basetable_2_n3])

PREHOOK: query: ALTER MATERIALIZED VIEW cmv_mat_view_n6 REBUILD
PREHOOK: type: ALTER_MATERIALIZED_VIEW_REBUILD
PREHOOK: Input: default@cmv_basetable_2_n3
PREHOOK: Input: default@cmv_basetable_n6
PREHOOK: Input: default@cmv_mat_view_n6
PREHOOK: Output: default@cmv_mat_view_n6
PREHOOK: Output: default@cmv_mat_view_n6
POSTHOOK: query: ALTER MATERIALIZED VIEW cmv_mat_view_n6 REBUILD
POSTHOOK: type: ALTER_MATERIALIZED_VIEW_REBUILD
POSTHOOK: Input: default@cmv_basetable_2_n3
POSTHOOK: Input: default@cmv_basetable_n6
POSTHOOK: Input: default@cmv_mat_view_n6
POSTHOOK: Output: default@cmv_mat_view_n6
POSTHOOK: Output: default@cmv_mat_view_n6
POSTHOOK: Lineage: cmv_mat_view_n6.a SIMPLE [(cmv_basetable_n6)cmv_basetable_n6.FieldSchema(name:a, type:int, comment:null), ]
POSTHOOK: Lineage: cmv_mat_view_n6.c SIMPLE [(cmv_basetable_2_n3)cmv_basetable_2_n3.FieldSchema(name:c, type:decimal(10,2), comment:null), ]
PREHOOK: query: SELECT * FROM cmv_mat_view_n6
PREHOOK: type: QUERY
PREHOOK: Input: default@cmv_mat_view_n6
#### A masked pattern was here ####
POSTHOOK: query: SELECT * FROM cmv_mat_view_n6
POSTHOOK: type: QUERY
POSTHOOK: Input: default@cmv_mat_view_n6
#### A masked pattern was here ####
3	978.76
3	978.76
