PREHOOK: query: CREATE TABLE t1(a int, b int,c int) STORED AS ORC TBLPROPERTIES ('transactional' = 'true')
PREHOOK: type: CREATETABLE
PREHOOK: Output: database:default
PREHOOK: Output: default@t1
POSTHOOK: query: CREATE TABLE t1(a int, b int,c int) STORED AS ORC TBLPROPERTIES ('transactional' = 'true')
POSTHOOK: type: CREATETABLE
POSTHOOK: Output: database:default
POSTHOOK: Output: default@t1
PREHOOK: query: INSERT INTO t1(a, b, c) VALUES
(1, 1, 1),
(1, 1, 4),
(2, 1, 2),
(1, 2, 10),
(2, 2, 11),
(1, 3, 100),
(null, 4, 200)
PREHOOK: type: QUERY
PREHOOK: Input: _dummy_database@_dummy_table
PREHOOK: Output: default@t1
POSTHOOK: query: INSERT INTO t1(a, b, c) VALUES
(1, 1, 1),
(1, 1, 4),
(2, 1, 2),
(1, 2, 10),
(2, 2, 11),
(1, 3, 100),
(null, 4, 200)
POSTHOOK: type: QUERY
POSTHOOK: Input: _dummy_database@_dummy_table
POSTHOOK: Output: default@t1
POSTHOOK: Lineage: t1.a SCRIPT []
POSTHOOK: Lineage: t1.b SCRIPT []
POSTHOOK: Lineage: t1.c SCRIPT []
PREHOOK: query: CREATE MATERIALIZED VIEW mat1 PARTITIONED ON (a) STORED AS ORC TBLPROPERTIES ("transactional"="true", "transactional_properties"="insert_only") AS
SELECT a, b, sum(c) sumc FROM t1 GROUP BY b, a
PREHOOK: type: CREATE_MATERIALIZED_VIEW
PREHOOK: Input: default@t1
PREHOOK: Output: database:default
PREHOOK: Output: default@mat1
PREHOOK: Output: default@mat1
POSTHOOK: query: CREATE MATERIALIZED VIEW mat1 PARTITIONED ON (a) STORED AS ORC TBLPROPERTIES ("transactional"="true", "transactional_properties"="insert_only") AS
SELECT a, b, sum(c) sumc FROM t1 GROUP BY b, a
POSTHOOK: type: CREATE_MATERIALIZED_VIEW
POSTHOOK: Input: default@t1
POSTHOOK: Output: database:default
POSTHOOK: Output: default@mat1
POSTHOOK: Output: default@mat1
POSTHOOK: Output: default@mat1@a=1
POSTHOOK: Output: default@mat1@a=2
POSTHOOK: Output: default@mat1@a=__HIVE_DEFAULT_PARTITION__
POSTHOOK: Lineage: mat1 PARTITION(a=1).b SIMPLE [(t1)t1.FieldSchema(name:b, type:int, comment:null), ]
POSTHOOK: Lineage: mat1 PARTITION(a=1).sumc EXPRESSION [(t1)t1.FieldSchema(name:c, type:int, comment:null), ]
POSTHOOK: Lineage: mat1 PARTITION(a=2).b SIMPLE [(t1)t1.FieldSchema(name:b, type:int, comment:null), ]
POSTHOOK: Lineage: mat1 PARTITION(a=2).sumc EXPRESSION [(t1)t1.FieldSchema(name:c, type:int, comment:null), ]
POSTHOOK: Lineage: mat1 PARTITION(a=__HIVE_DEFAULT_PARTITION__).b SIMPLE [(t1)t1.FieldSchema(name:b, type:int, comment:null), ]
POSTHOOK: Lineage: mat1 PARTITION(a=__HIVE_DEFAULT_PARTITION__).sumc EXPRESSION [(t1)t1.FieldSchema(name:c, type:int, comment:null), ]
PREHOOK: query: INSERT INTO t1(a, b, c) VALUES
(1, 1, 3),
(1, 3, 110),
(null, 4, 20)
PREHOOK: type: QUERY
PREHOOK: Input: _dummy_database@_dummy_table
PREHOOK: Output: default@t1
POSTHOOK: query: INSERT INTO t1(a, b, c) VALUES
(1, 1, 3),
(1, 3, 110),
(null, 4, 20)
POSTHOOK: type: QUERY
POSTHOOK: Input: _dummy_database@_dummy_table
POSTHOOK: Output: default@t1
POSTHOOK: Lineage: t1.a SCRIPT []
POSTHOOK: Lineage: t1.b SCRIPT []
POSTHOOK: Lineage: t1.c SCRIPT []
PREHOOK: query: SELECT b, sum(sumc), a FROM (
    SELECT b, sumc, a FROM mat1
    LEFT SEMI JOIN (SELECT b, sum(c), a FROM t1 WHERE ROW__ID.writeId > 1 GROUP BY b, a) q ON (mat1.a <=> q.a)
    UNION ALL
    SELECT b, sum(c) sumc, a FROM t1 WHERE ROW__ID.writeId > 1 GROUP BY b, a
) sub
GROUP BY b, a
ORDER BY a, b
PREHOOK: type: QUERY
PREHOOK: Input: default@mat1
PREHOOK: Input: default@mat1@a=1
PREHOOK: Input: default@mat1@a=2
PREHOOK: Input: default@mat1@a=__HIVE_DEFAULT_PARTITION__
PREHOOK: Input: default@t1
#### A masked pattern was here ####
POSTHOOK: query: SELECT b, sum(sumc), a FROM (
    SELECT b, sumc, a FROM mat1
    LEFT SEMI JOIN (SELECT b, sum(c), a FROM t1 WHERE ROW__ID.writeId > 1 GROUP BY b, a) q ON (mat1.a <=> q.a)
    UNION ALL
    SELECT b, sum(c) sumc, a FROM t1 WHERE ROW__ID.writeId > 1 GROUP BY b, a
) sub
GROUP BY b, a
ORDER BY a, b
POSTHOOK: type: QUERY
POSTHOOK: Input: default@mat1
POSTHOOK: Input: default@mat1@a=1
POSTHOOK: Input: default@mat1@a=2
POSTHOOK: Input: default@mat1@a=__HIVE_DEFAULT_PARTITION__
POSTHOOK: Input: default@t1
#### A masked pattern was here ####
1	8	1
2	10	1
3	210	1
4	220	NULL
PREHOOK: query: EXPLAIN CBO
ALTER MATERIALIZED VIEW mat1 REBUILD
PREHOOK: type: ALTER_MATERIALIZED_VIEW_REBUILD
PREHOOK: Input: default@t1
PREHOOK: Output: default@mat1
POSTHOOK: query: EXPLAIN CBO
ALTER MATERIALIZED VIEW mat1 REBUILD
POSTHOOK: type: ALTER_MATERIALIZED_VIEW_REBUILD
POSTHOOK: Input: default@t1
POSTHOOK: Output: default@mat1
CBO PLAN:
HiveProject(b=[$1], sumc=[$2], a=[$0])
  HiveAggregate(group=[{0, 1}], agg#0=[sum($2)])
    HiveTableScan(table=[[default, t1]], table:alias=[t1])

PREHOOK: query: EXPLAIN
ALTER MATERIALIZED VIEW mat1 REBUILD
PREHOOK: type: ALTER_MATERIALIZED_VIEW_REBUILD
PREHOOK: Input: default@t1
PREHOOK: Output: default@mat1
POSTHOOK: query: EXPLAIN
ALTER MATERIALIZED VIEW mat1 REBUILD
POSTHOOK: type: ALTER_MATERIALIZED_VIEW_REBUILD
POSTHOOK: Input: default@t1
POSTHOOK: Output: default@mat1
STAGE DEPENDENCIES:
  Stage-1 is a root stage
  Stage-2 depends on stages: Stage-1
  Stage-0 depends on stages: Stage-2
  Stage-3 depends on stages: Stage-0
  Stage-4 depends on stages: Stage-3

STAGE PLANS:
  Stage: Stage-1
    Tez
#### A masked pattern was here ####
      Edges:
        Reducer 2 <- Map 1 (SIMPLE_EDGE)
#### A masked pattern was here ####
      Vertices:
        Map 1 
            Map Operator Tree:
                TableScan
                  alias: t1
                  Statistics: Num rows: 10 Data size: 116 Basic stats: COMPLETE Column stats: COMPLETE
                  Select Operator
                    expressions: a (type: int), b (type: int), c (type: int)
                    outputColumnNames: a, b, c
                    Statistics: Num rows: 10 Data size: 116 Basic stats: COMPLETE Column stats: COMPLETE
                    Group By Operator
                      aggregations: sum(c)
                      keys: a (type: int), b (type: int)
                      minReductionHashAggr: 0.4
                      mode: hash
                      outputColumnNames: _col0, _col1, _col2
                      Statistics: Num rows: 5 Data size: 80 Basic stats: COMPLETE Column stats: COMPLETE
                      Reduce Output Operator
                        key expressions: _col0 (type: int), _col1 (type: int)
                        null sort order: zz
                        sort order: ++
                        Map-reduce partition columns: _col0 (type: int)
                        Statistics: Num rows: 5 Data size: 80 Basic stats: COMPLETE Column stats: COMPLETE
                        value expressions: _col2 (type: bigint)
            Execution mode: vectorized, llap
            LLAP IO: may be used (ACID table)
        Reducer 2 
            Execution mode: vectorized, llap
            Reduce Operator Tree:
              Group By Operator
                aggregations: sum(VALUE._col0)
                keys: KEY._col0 (type: int), KEY._col1 (type: int)
                mode: mergepartial
                outputColumnNames: _col0, _col1, _col2
                Statistics: Num rows: 5 Data size: 80 Basic stats: COMPLETE Column stats: COMPLETE
                Select Operator
                  expressions: _col1 (type: int), _col2 (type: bigint), _col0 (type: int)
                  outputColumnNames: _col0, _col1, _col2
                  Statistics: Num rows: 5 Data size: 80 Basic stats: COMPLETE Column stats: COMPLETE
                  File Output Operator
                    compressed: false
                    Statistics: Num rows: 5 Data size: 80 Basic stats: COMPLETE Column stats: COMPLETE
                    table:
                        input format: org.apache.hadoop.hive.ql.io.orc.OrcInputFormat
                        output format: org.apache.hadoop.hive.ql.io.orc.OrcOutputFormat
                        serde: org.apache.hadoop.hive.ql.io.orc.OrcSerde
                        name: default.mat1
                    Write Type: INSERT
                  Select Operator
                    expressions: _col0 (type: int), _col1 (type: bigint), _col2 (type: int)
                    outputColumnNames: b, sumc, a
                    Statistics: Num rows: 5 Data size: 80 Basic stats: COMPLETE Column stats: COMPLETE
                    Group By Operator
                      aggregations: min(b), max(b), count(1), count(b), compute_bit_vector_hll(b), min(sumc), max(sumc), count(sumc), compute_bit_vector_hll(sumc)
                      keys: a (type: int)
                      mode: complete
                      outputColumnNames: _col0, _col1, _col2, _col3, _col4, _col5, _col6, _col7, _col8, _col9
                      Statistics: Num rows: 2 Data size: 680 Basic stats: COMPLETE Column stats: COMPLETE
                      Select Operator
                        expressions: 'LONG' (type: string), UDFToLong(_col1) (type: bigint), UDFToLong(_col2) (type: bigint), (_col3 - _col4) (type: bigint), COALESCE(ndv_compute_bit_vector(_col5),0) (type: bigint), _col5 (type: binary), 'LONG' (type: string), _col6 (type: bigint), _col7 (type: bigint), (_col3 - _col8) (type: bigint), COALESCE(ndv_compute_bit_vector(_col9),0) (type: bigint), _col9 (type: binary), _col0 (type: int)
                        outputColumnNames: _col0, _col1, _col2, _col3, _col4, _col5, _col6, _col7, _col8, _col9, _col10, _col11, _col12
                        Statistics: Num rows: 2 Data size: 1064 Basic stats: COMPLETE Column stats: COMPLETE
                        File Output Operator
                          compressed: false
                          Statistics: Num rows: 2 Data size: 1064 Basic stats: COMPLETE Column stats: COMPLETE
                          table:
                              input format: org.apache.hadoop.mapred.SequenceFileInputFormat
                              output format: org.apache.hadoop.hive.ql.io.HiveSequenceFileOutputFormat
                              serde: org.apache.hadoop.hive.serde2.lazy.LazySimpleSerDe

  Stage: Stage-2
    Dependency Collection

  Stage: Stage-0
    Move Operator
      tables:
          partition:
            a 
          replace: false
          table:
              input format: org.apache.hadoop.hive.ql.io.orc.OrcInputFormat
              output format: org.apache.hadoop.hive.ql.io.orc.OrcOutputFormat
              serde: org.apache.hadoop.hive.ql.io.orc.OrcSerde
              name: default.mat1
          Write Type: INSERT
          micromanaged table: true

  Stage: Stage-3
    Stats Work
      Basic Stats Work:
      Column Stats Desc:
          Columns: b, sumc
          Column Types: int, bigint
          Table: default.mat1

  Stage: Stage-4
    Materialized View Update
      name: default.mat1
      update creation metadata: true

PREHOOK: query: ALTER MATERIALIZED VIEW mat1 REBUILD
PREHOOK: type: ALTER_MATERIALIZED_VIEW_REBUILD
PREHOOK: Input: default@t1
PREHOOK: Output: default@mat1
POSTHOOK: query: ALTER MATERIALIZED VIEW mat1 REBUILD
POSTHOOK: type: ALTER_MATERIALIZED_VIEW_REBUILD
POSTHOOK: Input: default@t1
POSTHOOK: Output: default@mat1
POSTHOOK: Output: default@mat1@a=1
POSTHOOK: Output: default@mat1@a=2
POSTHOOK: Output: default@mat1@a=__HIVE_DEFAULT_PARTITION__
POSTHOOK: Lineage: mat1 PARTITION(a=1).b SIMPLE [(t1)t1.FieldSchema(name:b, type:int, comment:null), ]
POSTHOOK: Lineage: mat1 PARTITION(a=1).sumc EXPRESSION [(t1)t1.FieldSchema(name:c, type:int, comment:null), ]
POSTHOOK: Lineage: mat1 PARTITION(a=2).b SIMPLE [(t1)t1.FieldSchema(name:b, type:int, comment:null), ]
POSTHOOK: Lineage: mat1 PARTITION(a=2).sumc EXPRESSION [(t1)t1.FieldSchema(name:c, type:int, comment:null), ]
POSTHOOK: Lineage: mat1 PARTITION(a=__HIVE_DEFAULT_PARTITION__).b SIMPLE [(t1)t1.FieldSchema(name:b, type:int, comment:null), ]
POSTHOOK: Lineage: mat1 PARTITION(a=__HIVE_DEFAULT_PARTITION__).sumc EXPRESSION [(t1)t1.FieldSchema(name:c, type:int, comment:null), ]
PREHOOK: query: SELECT b, sumc, a FROM mat1
order by a, b
PREHOOK: type: QUERY
PREHOOK: Input: default@mat1
PREHOOK: Input: default@mat1@a=1
PREHOOK: Input: default@mat1@a=2
PREHOOK: Input: default@mat1@a=__HIVE_DEFAULT_PARTITION__
#### A masked pattern was here ####
POSTHOOK: query: SELECT b, sumc, a FROM mat1
order by a, b
POSTHOOK: type: QUERY
POSTHOOK: Input: default@mat1
POSTHOOK: Input: default@mat1@a=1
POSTHOOK: Input: default@mat1@a=2
POSTHOOK: Input: default@mat1@a=__HIVE_DEFAULT_PARTITION__
#### A masked pattern was here ####
1	8	1
2	10	1
3	210	1
1	2	2
2	11	2
4	220	NULL
PREHOOK: query: DROP MATERIALIZED VIEW mat1
PREHOOK: type: DROP_MATERIALIZED_VIEW
PREHOOK: Input: default@mat1
PREHOOK: Output: default@mat1
POSTHOOK: query: DROP MATERIALIZED VIEW mat1
POSTHOOK: type: DROP_MATERIALIZED_VIEW
POSTHOOK: Input: default@mat1
POSTHOOK: Output: default@mat1
PREHOOK: query: SELECT b, sum(c), a sumc FROM t1 GROUP BY b, a
order by a, b
PREHOOK: type: QUERY
PREHOOK: Input: default@t1
#### A masked pattern was here ####
POSTHOOK: query: SELECT b, sum(c), a sumc FROM t1 GROUP BY b, a
order by a, b
POSTHOOK: type: QUERY
POSTHOOK: Input: default@t1
#### A masked pattern was here ####
1	8	1
2	10	1
3	210	1
1	2	2
2	11	2
4	220	NULL
