PREHOOK: query: explain
select  ca_zip
       ,sum(cs_sales_price)
 from catalog_sales
     ,customer
     ,customer_address
     ,date_dim
 where cs_bill_customer_sk = c_customer_sk
 	and c_current_addr_sk = ca_address_sk 
 	and ( substr(ca_zip,1,5) in ('85669', '86197','88274','83405','86475',
                                   '85392', '85460', '80348', '81792')
 	      or ca_state in ('CA','WA','GA')
 	      or cs_sales_price > 500)
 	and cs_sold_date_sk = d_date_sk
 	and d_qoy = 2 and d_year = 2000
 group by ca_zip
 order by ca_zip
 limit 100
PREHOOK: type: QUERY
PREHOOK: Input: default@catalog_sales
PREHOOK: Input: default@customer
PREHOOK: Input: default@customer_address
PREHOOK: Input: default@date_dim
PREHOOK: Output: hdfs://### HDFS PATH ###
POSTHOOK: query: explain
select  ca_zip
       ,sum(cs_sales_price)
 from catalog_sales
     ,customer
     ,customer_address
     ,date_dim
 where cs_bill_customer_sk = c_customer_sk
 	and c_current_addr_sk = ca_address_sk 
 	and ( substr(ca_zip,1,5) in ('85669', '86197','88274','83405','86475',
                                   '85392', '85460', '80348', '81792')
 	      or ca_state in ('CA','WA','GA')
 	      or cs_sales_price > 500)
 	and cs_sold_date_sk = d_date_sk
 	and d_qoy = 2 and d_year = 2000
 group by ca_zip
 order by ca_zip
 limit 100
POSTHOOK: type: QUERY
POSTHOOK: Input: default@catalog_sales
POSTHOOK: Input: default@customer
POSTHOOK: Input: default@customer_address
POSTHOOK: Input: default@date_dim
POSTHOOK: Output: hdfs://### HDFS PATH ###
Plan optimized by CBO.

Vertex dependency in root stage
Map 7 <- Reducer 10 (BROADCAST_EDGE)
Reducer 10 <- Map 9 (CUSTOM_SIMPLE_EDGE)
Reducer 2 <- Map 1 (SIMPLE_EDGE), Map 6 (SIMPLE_EDGE)
Reducer 3 <- Reducer 2 (SIMPLE_EDGE), Reducer 8 (SIMPLE_EDGE)
Reducer 4 <- Reducer 3 (SIMPLE_EDGE)
Reducer 5 <- Reducer 4 (SIMPLE_EDGE)
Reducer 8 <- Map 7 (SIMPLE_EDGE), Map 9 (SIMPLE_EDGE)

Stage-0
  Fetch Operator
    limit:100
    Stage-1
      Reducer 5 vectorized
      File Output Operator [FS_98]
        Limit [LIM_97] (rows=100 width=201)
          Number of rows:100
          Select Operator [SEL_96] (rows=10141 width=201)
            Output:["_col0","_col1"]
          <-Reducer 4 [SIMPLE_EDGE] vectorized
<<<<<<< HEAD
<<<<<<< HEAD
            SHUFFLE [RS_96]
              Group By Operator [GBY_95] (rows=10141 width=201)
=======
            SHUFFLE [RS_101]
              null sort order:z,sort order:+
              Group By Operator [GBY_100] (rows=10141 width=201)
>>>>>>> HIVE-20150: TopNKey pushdown - q test update
=======
            SHUFFLE [RS_95]
              null sort order:z,sort order:+
              Group By Operator [GBY_94] (rows=10141 width=201)
>>>>>>> HIVE-20150: TopNKey pushdown - q test update
                Output:["_col0","_col1"],aggregations:["sum(VALUE._col0)"],keys:KEY._col0
              <-Reducer 3 [SIMPLE_EDGE]
                SHUFFLE [RS_25]
                  PartitionCols:_col0
                  Group By Operator [GBY_24] (rows=2403417 width=201)
                    Output:["_col0","_col1"],aggregations:["sum(_col8)"],keys:_col3
<<<<<<< HEAD
<<<<<<< HEAD
                    Top N Key Operator [TNK_44] (rows=285117831 width=212)
                      keys:_col3,top n:100
                      Select Operator [SEL_23] (rows=285117831 width=212)
                        Output:["_col3","_col8"]
                        Filter Operator [FIL_22] (rows=285117831 width=212)
=======
                    Select Operator [SEL_23] (rows=20154874 width=205)
=======
                    Select Operator [SEL_23] (rows=285117831 width=212)
>>>>>>> HIVE-20150: TopNKey pushdown - q test update
                      Output:["_col3","_col8"]
<<<<<<< HEAD
                      Top N Key Operator [TNK_79]
                        keys:_col3,null sort order:z,sort order:+,top n:100
                        Filter Operator [FIL_22] (rows=285117831 width=212)
                          predicate:(_col9 or _col4 or _col5)
                          Merge Join Operator [MERGEJOIN_78] (rows=285117831 width=212)
                            Conds:RS_19._col0=RS_20._col1(Inner),Output:["_col3","_col4","_col5","_col8","_col9"]
                          <-Reducer 2 [SIMPLE_EDGE]
                            SHUFFLE [RS_19]
<<<<<<< HEAD
                              PartitionCols:_col0
                              Merge Join Operator [MERGEJOIN_75] (rows=80000000 width=101)
                                Conds:RS_80._col1=RS_83._col0(Inner),Output:["_col0","_col3","_col4","_col5"]
                              <-Map 1 [SIMPLE_EDGE] vectorized
                                SHUFFLE [RS_80]
                                  PartitionCols:_col1
                                  Select Operator [SEL_79] (rows=80000000 width=8)
=======
                              PartitionCols:_col0,null sort order:a,sort order:+
                              Merge Join Operator [MERGEJOIN_76] (rows=80000000 width=101)
                                Conds:RS_85._col1=RS_88._col0(Inner),Output:["_col0","_col3","_col4","_col5"]
                              <-Map 1 [SIMPLE_EDGE] vectorized
                                SHUFFLE [RS_85]
                                  PartitionCols:_col1,null sort order:a,sort order:+
                                  Select Operator [SEL_84] (rows=80000000 width=8)
>>>>>>> HIVE-20150: TopNKey pushdown - q test update
                                    Output:["_col0","_col1"]
                                    Filter Operator [FIL_83] (rows=80000000 width=8)
                                      predicate:(c_customer_sk is not null and c_current_addr_sk is not null)
                                      TableScan [TS_0] (rows=80000000 width=8)
                                        default@customer,customer,Tbl:COMPLETE,Col:COMPLETE,Output:["c_customer_sk","c_current_addr_sk"]
                              <-Map 6 [SIMPLE_EDGE] vectorized
<<<<<<< HEAD
                                SHUFFLE [RS_83]
                                  PartitionCols:_col0
                                  Select Operator [SEL_82] (rows=40000000 width=101)
=======
                                SHUFFLE [RS_88]
                                  PartitionCols:_col0,null sort order:a,sort order:+
                                  Select Operator [SEL_87] (rows=40000000 width=101)
>>>>>>> HIVE-20150: TopNKey pushdown - q test update
                                    Output:["_col0","_col1","_col2","_col3"]
                                    Filter Operator [FIL_86] (rows=40000000 width=179)
                                      predicate:ca_address_sk is not null
                                      TableScan [TS_3] (rows=40000000 width=179)
                                        default@customer_address,customer_address,Tbl:COMPLETE,Col:COMPLETE,Output:["ca_address_sk","ca_state","ca_zip"]
                          <-Reducer 8 [SIMPLE_EDGE]
                            SHUFFLE [RS_20]
<<<<<<< HEAD
                              PartitionCols:_col1
                              Merge Join Operator [MERGEJOIN_76] (rows=285117831 width=119)
                                Conds:RS_94._col0=RS_86._col0(Inner),Output:["_col1","_col2","_col3"]
                              <-Map 9 [SIMPLE_EDGE] vectorized
                                SHUFFLE [RS_86]
                                  PartitionCols:_col0
                                  Select Operator [SEL_85] (rows=130 width=4)
=======
                              PartitionCols:_col1,null sort order:a,sort order:+
                              Merge Join Operator [MERGEJOIN_77] (rows=285117831 width=119)
                                Conds:RS_99._col0=RS_91._col0(Inner),Output:["_col1","_col2","_col3"]
                              <-Map 9 [SIMPLE_EDGE] vectorized
                                SHUFFLE [RS_91]
                                  PartitionCols:_col0,null sort order:a,sort order:+
                                  Select Operator [SEL_90] (rows=130 width=4)
>>>>>>> HIVE-20150: TopNKey pushdown - q test update
                                    Output:["_col0"]
                                    Filter Operator [FIL_89] (rows=130 width=12)
                                      predicate:((d_year = 2000) and (d_qoy = 2) and d_date_sk is not null)
                                      TableScan [TS_9] (rows=73049 width=12)
                                        default@date_dim,date_dim,Tbl:COMPLETE,Col:COMPLETE,Output:["d_date_sk","d_year","d_qoy"]
                              <-Map 7 [SIMPLE_EDGE] vectorized
<<<<<<< HEAD
                                SHUFFLE [RS_94]
                                  PartitionCols:_col0
                                  Select Operator [SEL_93] (rows=285117831 width=123)
=======
                                SHUFFLE [RS_99]
                                  PartitionCols:_col0,null sort order:a,sort order:+
                                  Select Operator [SEL_98] (rows=285117831 width=123)
>>>>>>> HIVE-20150: TopNKey pushdown - q test update
                                    Output:["_col0","_col1","_col2","_col3"]
                                    Filter Operator [FIL_97] (rows=285117831 width=119)
                                      predicate:(cs_sold_date_sk is not null and cs_bill_customer_sk is not null and cs_sold_date_sk BETWEEN DynamicValue(RS_13_date_dim_d_date_sk_min) AND DynamicValue(RS_13_date_dim_d_date_sk_max) and in_bloom_filter(cs_sold_date_sk, DynamicValue(RS_13_date_dim_d_date_sk_bloom_filter)))
                                      TableScan [TS_6] (rows=287989836 width=119)
                                        default@catalog_sales,catalog_sales,Tbl:COMPLETE,Col:COMPLETE,Output:["cs_sold_date_sk","cs_bill_customer_sk","cs_sales_price"]
                                      <-Reducer 10 [BROADCAST_EDGE] vectorized
                                        BROADCAST [RS_96]
                                          Group By Operator [GBY_95] (rows=1 width=12)
                                            Output:["_col0","_col1","_col2"],aggregations:["min(VALUE._col0)","max(VALUE._col1)","bloom_filter(VALUE._col2, expectedEntries=1000000)"]
                                          <-Map 9 [CUSTOM_SIMPLE_EDGE] vectorized
                                            SHUFFLE [RS_94]
                                              Group By Operator [GBY_93] (rows=1 width=12)
                                                Output:["_col0","_col1","_col2"],aggregations:["min(_col0)","max(_col0)","bloom_filter(_col0, expectedEntries=1000000)"]
                                                Select Operator [SEL_92] (rows=130 width=4)
                                                  Output:["_col0"]
                                                   Please refer to the previous Select Operator [SEL_90]
=======
                      Filter Operator [FIL_22] (rows=285117831 width=212)
                        predicate:(_col9 or _col4 or _col5)
                        Merge Join Operator [MERGEJOIN_76] (rows=285117831 width=212)
                          Conds:RS_19._col0=RS_20._col1(Inner),Output:["_col3","_col4","_col5","_col8","_col9"]
                        <-Reducer 2 [SIMPLE_EDGE]
                          SHUFFLE [RS_19]
                            PartitionCols:_col0,null sort order:a,sort order:+
                            Merge Join Operator [MERGEJOIN_74] (rows=80000000 width=101)
                              Conds:RS_79._col1=RS_82._col0(Inner),Output:["_col0","_col3","_col4","_col5"]
                            <-Map 1 [SIMPLE_EDGE] vectorized
                              SHUFFLE [RS_79]
                                PartitionCols:_col1,null sort order:a,sort order:+
                                Select Operator [SEL_78] (rows=80000000 width=8)
                                  Output:["_col0","_col1"]
                                  Filter Operator [FIL_77] (rows=80000000 width=8)
                                    predicate:(c_customer_sk is not null and c_current_addr_sk is not null)
                                    TableScan [TS_0] (rows=80000000 width=8)
                                      default@customer,customer,Tbl:COMPLETE,Col:COMPLETE,Output:["c_customer_sk","c_current_addr_sk"]
                            <-Map 6 [SIMPLE_EDGE] vectorized
                              SHUFFLE [RS_82]
                                PartitionCols:_col0,null sort order:a,sort order:+
                                Select Operator [SEL_81] (rows=40000000 width=101)
                                  Output:["_col0","_col1","_col2","_col3"]
                                  Filter Operator [FIL_80] (rows=40000000 width=179)
                                    predicate:ca_address_sk is not null
                                    TableScan [TS_3] (rows=40000000 width=179)
                                      default@customer_address,customer_address,Tbl:COMPLETE,Col:COMPLETE,Output:["ca_address_sk","ca_state","ca_zip"]
                        <-Reducer 8 [SIMPLE_EDGE]
                          SHUFFLE [RS_20]
                            PartitionCols:_col1,null sort order:a,sort order:+
                            Merge Join Operator [MERGEJOIN_75] (rows=285117831 width=119)
                              Conds:RS_93._col0=RS_85._col0(Inner),Output:["_col1","_col2","_col3"]
                            <-Map 9 [SIMPLE_EDGE] vectorized
                              SHUFFLE [RS_85]
                                PartitionCols:_col0,null sort order:a,sort order:+
                                Select Operator [SEL_84] (rows=130 width=4)
                                  Output:["_col0"]
                                  Filter Operator [FIL_83] (rows=130 width=12)
                                    predicate:((d_year = 2000) and (d_qoy = 2) and d_date_sk is not null)
                                    TableScan [TS_9] (rows=73049 width=12)
                                      default@date_dim,date_dim,Tbl:COMPLETE,Col:COMPLETE,Output:["d_date_sk","d_year","d_qoy"]
                            <-Map 7 [SIMPLE_EDGE] vectorized
                              SHUFFLE [RS_93]
                                PartitionCols:_col0,null sort order:a,sort order:+
                                Select Operator [SEL_92] (rows=285117831 width=123)
                                  Output:["_col0","_col1","_col2","_col3"]
                                  Filter Operator [FIL_91] (rows=285117831 width=119)
                                    predicate:(cs_sold_date_sk is not null and cs_bill_customer_sk is not null and cs_sold_date_sk BETWEEN DynamicValue(RS_13_date_dim_d_date_sk_min) AND DynamicValue(RS_13_date_dim_d_date_sk_max) and in_bloom_filter(cs_sold_date_sk, DynamicValue(RS_13_date_dim_d_date_sk_bloom_filter)))
                                    TableScan [TS_6] (rows=287989836 width=119)
                                      default@catalog_sales,catalog_sales,Tbl:COMPLETE,Col:COMPLETE,Output:["cs_sold_date_sk","cs_bill_customer_sk","cs_sales_price"]
                                    <-Reducer 10 [BROADCAST_EDGE] vectorized
                                      BROADCAST [RS_90]
                                        Group By Operator [GBY_89] (rows=1 width=12)
                                          Output:["_col0","_col1","_col2"],aggregations:["min(VALUE._col0)","max(VALUE._col1)","bloom_filter(VALUE._col2, expectedEntries=1000000)"]
                                        <-Map 9 [CUSTOM_SIMPLE_EDGE] vectorized
                                          SHUFFLE [RS_88]
                                            Group By Operator [GBY_87] (rows=1 width=12)
                                              Output:["_col0","_col1","_col2"],aggregations:["min(_col0)","max(_col0)","bloom_filter(_col0, expectedEntries=1000000)"]
                                              Select Operator [SEL_86] (rows=130 width=4)
                                                Output:["_col0"]
                                                 Please refer to the previous Select Operator [SEL_84]
>>>>>>> HIVE-20150: TopNKey pushdown - q test update

